
> client@0.0.0 build
> tsc -b && vite build

[36mvite v7.3.1 [32mbuilding client environment for production...[36m[39m
transforming...
[32m✓[39m 12597 modules transformed.
Terminate batch job (Y/N)? Terminate batch job (Y/N)? Terminate batch job (Y/N)? Terminate batch job (Y/N)? 